[debug] [2026-04-16T09:02:44.741Z] ----------------------------------------------------------------------
[debug] [2026-04-16T09:02:44.744Z] Command:       /Users/pradyumna/.nvm/versions/node/v22.6.0/bin/node /Users/pradyumna/.nvm/versions/node/v22.6.0/bin/firebase init
[debug] [2026-04-16T09:02:44.745Z] CLI Version:   15.14.0
[debug] [2026-04-16T09:02:44.745Z] Platform:      darwin
[debug] [2026-04-16T09:02:44.745Z] Node Version:  v22.6.0
[debug] [2026-04-16T09:02:44.745Z] Time:          Thu Apr 16 2026 14:32:44 GMT+0530 (India Standard Time)
[debug] [2026-04-16T09:02:44.745Z] ----------------------------------------------------------------------
[debug] 
[info] 
     ######## #### ########  ######## ########     ###     ######  ########
     ##        ##  ##     ## ##       ##     ##  ##   ##  ##       ##
     ######    ##  ########  ######   ########  #########  ######  ######
     ##        ##  ##    ##  ##       ##     ## ##     ##       ## ##
     ##       #### ##     ## ######## ########  ##     ##  ######  ########

You're about to initialize a Firebase project in this directory:

  /Users/pradyumna/Desktop/Project_X/nitya-satva-nexus

[debug] [2026-04-16T09:03:39.629Z] ExitPromptError: User force closed the prompt with SIGINT
    at Interface.sigint (/Users/pradyumna/.nvm/versions/node/v22.6.0/lib/node_modules/firebase-tools/node_modules/@inquirer/core/dist/commonjs/lib/create-prompt.js:101:37)
    at Interface.emit (node:events:520:28)
    at [_ttyWrite] [as _ttyWrite] (node:internal/readline/interface:1125:18)
    at ReadStream.onkeypress (node:internal/readline/interface:264:20)
    at ReadStream.emit (node:events:532:35)
    at emitKeys (node:internal/readline/utils:370:14)
    at emitKeys.next (<anonymous>)
    at ReadStream.onData (node:internal/readline/emitKeypressEvents:64:36)
    at ReadStream.emit (node:events:520:28)
    at addChunk (node:internal/streams/readable:559:12)
[error] 
[error] Error: An unexpected error has occurred.
